apiVersion: v1
automountServiceAccountToken: true
imagePullSecrets: []
kind: ServiceAccount
metadata:
  labels:
    app.kubernetes.io/component: keycloak
    app.kubernetes.io/instance: builtin
    app.kubernetes.io/managed-by: commodore
    app.kubernetes.io/name: keycloak
    app.kubernetes.io/version: 25.0.6
    helm.sh/chart: keycloakx-2.3.0
  name: keycloakx
  namespace: syn-builtin
