apiVersion: monitoring.coreos.com/v1
kind: ServiceMonitor
metadata:
  labels:
    app.kubernetes.io/component: keycloak
    app.kubernetes.io/instance: builtin
    app.kubernetes.io/managed-by: commodore
    app.kubernetes.io/name: keycloak
    app.kubernetes.io/version: 26.2.4
    helm.sh/chart: keycloakx-7.0.1
  name: keycloakx-keycloakx
  namespace: syn-builtin
spec:
  endpoints:
    - interval: 10s
      path: /metrics
      port: http-internal
      scheme: https
      scrapeTimeout: 10s
  selector:
    matchLabels:
      app.kubernetes.io/component: http
      app.kubernetes.io/instance: keycloakx
      app.kubernetes.io/name: keycloakx
