apiVersion: monitoring.coreos.com/v1
kind: PrometheusRule
metadata:
  labels:
    app.kubernetes.io/component: keycloak
    app.kubernetes.io/instance: openshift
    app.kubernetes.io/managed-by: commodore
    app.kubernetes.io/name: keycloak
    app.kubernetes.io/version: 19.0.3
    helm.sh/chart: keycloakx-2.1.1
  name: keycloakx
  namespace: keycloak-dev
spec:
  groups:
    - name: keycloakx
      rules: []
