apiVersion: v1
kind: Service
metadata:
  annotations:
    service.beta.openshift.io/serving-cert-secret-name: keycloak-tls
  labels:
    app.kubernetes.io/component: http
    app.kubernetes.io/instance: openshift
    app.kubernetes.io/managed-by: commodore
    app.kubernetes.io/name: keycloak
    app.kubernetes.io/version: 18.0.2
    helm.sh/chart: keycloakx-1.6.1
  name: keycloakx-http
  namespace: keycloak-dev
spec:
  ports:
    - name: http
      port: 8080
      protocol: TCP
      targetPort: http
    - name: https
      port: 8443
      protocol: TCP
      targetPort: https
  selector:
    app.kubernetes.io/instance: keycloakx
    app.kubernetes.io/name: keycloakx
  type: ClusterIP
