apiVersion: v1
data: {}
kind: Secret
metadata:
  annotations: {}
  labels:
    app.kubernetes.io/component: keycloak
    app.kubernetes.io/instance: openshift
    app.kubernetes.io/managed-by: commodore
    app.kubernetes.io/name: keycloak
    name: keycloak-admin-user
  name: keycloak-admin-user
stringData:
  KEYCLOAK_PASSWORD: t-silent-test-1234/c-green-test-1234/openshift/admin-password
  KEYCLOAK_USER: t-silent-test-1234/c-green-test-1234/openshift/admin-username
type: Opaque
