apiVersion: monitoring.coreos.com/v1
kind: PrometheusRule
metadata:
  labels:
    app.kubernetes.io/component: keycloak
    app.kubernetes.io/instance: external
    app.kubernetes.io/managed-by: commodore
    app.kubernetes.io/name: keycloak
    app.kubernetes.io/version: 20.0.3
    helm.sh/chart: keycloakx-2.2.2
  name: keycloakx
  namespace: syn-external
spec:
  groups:
    - name: keycloakx
      rules: []
