apiVersion: v1
kind: Service
metadata:
  labels:
    app.kubernetes.io/component: http
    app.kubernetes.io/instance: external
    app.kubernetes.io/managed-by: commodore
    app.kubernetes.io/name: keycloak
    app.kubernetes.io/version: 19.0.3
    helm.sh/chart: keycloakx-1.6.2
  name: keycloakx-http
  namespace: syn-external
spec:
  ports:
    - name: http
      port: 8080
      protocol: TCP
      targetPort: http
    - name: https
      port: 8443
      protocol: TCP
      targetPort: https
  selector:
    app.kubernetes.io/instance: keycloakx
    app.kubernetes.io/name: keycloakx
  type: ClusterIP
