apiVersion: v1
automountServiceAccountToken: true
imagePullSecrets: []
kind: ServiceAccount
metadata:
  labels:
    app.kubernetes.io/component: keycloak
    app.kubernetes.io/instance: external
    app.kubernetes.io/managed-by: commodore
    app.kubernetes.io/name: keycloak
    app.kubernetes.io/version: 20.0.5
    helm.sh/chart: keycloakx-2.2.1
  name: keycloakx
  namespace: syn-external
