apiVersion: v1
kind: Service
metadata:
  labels:
    app.kubernetes.io/component: http
    app.kubernetes.io/instance: builtin-auth-rewrite
    app.kubernetes.io/managed-by: commodore
    app.kubernetes.io/name: keycloak
    app.kubernetes.io/version: 22.0.5
    helm.sh/chart: keycloakx-2.3.0
  name: keycloakx-http
  namespace: syn-builtin-auth-rewrite
spec:
  ports:
    - name: http
      port: 8080
      protocol: TCP
      targetPort: http
    - name: https
      port: 8443
      protocol: TCP
      targetPort: https
  selector:
    app.kubernetes.io/instance: keycloakx
    app.kubernetes.io/name: keycloakx
  type: ClusterIP
