apiVersion: v1
kind: Namespace
metadata:
  annotations: {}
  labels:
    SYNMonitoring: main
    name: syn-builtin
    test: testing
  name: syn-builtin
