apiVersion: v1
data: {}
kind: Secret
metadata:
  annotations: {}
  labels:
    app.kubernetes.io/component: keycloak
    app.kubernetes.io/instance: builtin
    app.kubernetes.io/managed-by: commodore
    app.kubernetes.io/name: keycloak
    name: keycloak-postgresql
  name: keycloak-postgresql
stringData:
  JDBC_PARAMS: sslmode=verify-ca&sslrootcert=/opt/jboss/certs/tls.crt
  postgresql-password: t-silent-test-1234/c-green-test-1234/builtin/db-password
type: Opaque
