apiVersion: monitoring.coreos.com/v1
kind: ServiceMonitor
metadata:
  labels:
    app.kubernetes.io/component: keycloak
    app.kubernetes.io/instance: openshift
    app.kubernetes.io/managed-by: commodore
    app.kubernetes.io/name: keycloak
    app.kubernetes.io/version: 16.1.1
    helm.sh/chart: keycloak-17.0.3
  name: keycloak-wildfly
spec:
  endpoints:
    - interval: 10s
      path: /metrics
      port: http-management
      scrapeTimeout: 10s
  selector:
    matchLabels:
      app.kubernetes.io/component: http
      app.kubernetes.io/instance: keycloak
      app.kubernetes.io/name: keycloak
