apiVersion: networking.k8s.io/v1
kind: NetworkPolicy
metadata:
  labels:
    app.kubernetes.io/component: primary
    app.kubernetes.io/instance: keycloak
    app.kubernetes.io/managed-by: Helm
    app.kubernetes.io/name: postgresql
    app.kubernetes.io/version: 16.1.0
    helm.sh/chart: postgresql-13.2.27
  name: keycloak-postgresql-ingress
  namespace: syn-openshift-postgres
spec:
  ingress:
    - from:
        - podSelector:
            matchLabels:
              app.kubernetes.io/instance: keycloakx
              app.kubernetes.io/name: keycloakx
      ports:
        - port: 5432
  podSelector:
    matchLabels:
      app.kubernetes.io/component: primary
      app.kubernetes.io/instance: keycloak
      app.kubernetes.io/name: postgresql
