apiVersion: monitoring.coreos.com/v1
kind: PrometheusRule
metadata:
  labels:
    app.kubernetes.io/component: keycloak
    app.kubernetes.io/instance: builtin
    app.kubernetes.io/managed-by: commodore
    app.kubernetes.io/name: keycloak
    app.kubernetes.io/version: 16.1.1
    helm.sh/chart: keycloak-17.0.2
  name: keycloak
spec:
  groups:
    - name: keycloak
      rules: []
