apiVersion: v1
data: {}
kind: Secret
metadata:
  annotations: {}
  labels:
    app.kubernetes.io/component: keycloak
    app.kubernetes.io/instance: external
    app.kubernetes.io/managed-by: commodore
    app.kubernetes.io/name: keycloak
    app.kubernetes.io/version: v11.0.0
    name: keycloak-postgresql-tls
  name: keycloak-postgresql-tls
stringData:
  README.txt: Keycloak is configured with DB TLS verification mode "verify", no custom
    CA cert required
  tls.crt: ''
type: Opaque
