apiVersion: v1
imagePullSecrets: []
kind: ServiceAccount
metadata:
  labels:
    app.kubernetes.io/component: keycloak
    app.kubernetes.io/instance: external
    app.kubernetes.io/managed-by: commodore
    app.kubernetes.io/name: keycloak
    app.kubernetes.io/version: v11.0.0
    helm.sh/chart: keycloak-10.3.1
  name: keycloak
