apiVersion: v1
kind: Service
metadata:
  annotations: null
  labels:
    app.kubernetes.io/component: primary
    app.kubernetes.io/instance: keycloak
    app.kubernetes.io/managed-by: Helm
    app.kubernetes.io/name: postgresql
    helm.sh/chart: postgresql-11.6.15
  name: keycloak-postgresql
  namespace: syn-external
spec:
  ports:
    - name: tcp-postgresql
      nodePort: null
      port: 5432
      targetPort: tcp-postgresql
  selector:
    app.kubernetes.io/component: primary
    app.kubernetes.io/instance: keycloak
    app.kubernetes.io/name: postgresql
  sessionAffinity: None
  type: ClusterIP
