apiVersion: v1
kind: Namespace
metadata:
  annotations: {}
  labels:
    name: syn-openshift-postgres
    openshift.io/cluster-monitoring: 'true'
  name: syn-openshift-postgres
