apiVersion: v1
data: {}
kind: Secret
metadata:
  annotations: {}
  labels:
    app.kubernetes.io/component: keycloak
    app.kubernetes.io/instance: builtin-auth-rewrite
    app.kubernetes.io/managed-by: commodore
    app.kubernetes.io/name: keycloak
    name: keycloak-admin-user
  name: keycloak-admin-user
stringData:
  KEYCLOAK_ADMIN: admin
  KEYCLOAK_ADMIN_PASSWORD: t-silent-test-1234/c-green-test-1234/builtin-auth-rewrite/admin-password
type: Opaque
