apiVersion: v1
data: {}
kind: Secret
metadata:
  annotations: {}
  labels:
    app.kubernetes.io/component: keycloak
    app.kubernetes.io/instance: builtin-auth-rewrite
    app.kubernetes.io/managed-by: commodore
    app.kubernetes.io/name: keycloak
    name: keycloak-postgresql
  name: keycloak-postgresql
stringData:
  JDBC_PARAMS: sslmode=verify-ca&sslrootcert=/opt/keycloak/db-certs/tls.crt
  KC_DB_PASSWORD: t-silent-test-1234/c-green-test-1234/builtin-auth-rewrite/db-password
  password: t-silent-test-1234/c-green-test-1234/builtin-auth-rewrite/db-password
  postgres-password: t-silent-test-1234/c-green-test-1234/builtin-auth-rewrite/db-password
type: Opaque
