apiVersion: v1
automountServiceAccountToken: true
imagePullSecrets: []
kind: ServiceAccount
metadata:
  labels:
    app.kubernetes.io/component: keycloak
    app.kubernetes.io/instance: openshift-postgres
    app.kubernetes.io/managed-by: commodore
    app.kubernetes.io/name: keycloak
    app.kubernetes.io/version: 21.1.2
    helm.sh/chart: keycloakx-2.2.1
  name: keycloakx
  namespace: syn-openshift-postgres
