apiVersion: v1
kind: Service
metadata:
  annotations: null
  labels:
    app.kubernetes.io/component: primary
    app.kubernetes.io/instance: keycloak
    app.kubernetes.io/managed-by: Helm
    app.kubernetes.io/name: postgresql
    app.kubernetes.io/version: 17.6.0
    helm.sh/chart: postgresql-16.7.27
  name: keycloak-postgresql-hl
  namespace: syn-builtin
spec:
  clusterIP: None
  ports:
    - name: tcp-postgresql
      port: 5432
      targetPort: tcp-postgresql
  publishNotReadyAddresses: true
  selector:
    app.kubernetes.io/component: primary
    app.kubernetes.io/instance: keycloak
    app.kubernetes.io/name: postgresql
  type: ClusterIP
